100;NochWenigerSchlecht;3
99;NochWenigerSchlecht;3
19;NichtGanzSoSchlecht;1
